Could not save font_manager cache [Errno 13] Permission denied: 'C:\\Users\\Administrator\\.matplotlib\\fontlist-v3.11.0.json.matplotlib-lock'
now running on domain data model iTransformer 
!!!!!!!!!!!!!!!!!!!!!!!!!!!!!!!!!overwrite features to 'S' for univariate time series data and dim=1
Now using seed 2025
True
Args in experiment:
[1mBasic Config[0m
  Task Name:          long_term_forecast  Is Training:        1                   
  Model ID:           p2_raw_official_reproduction_pw0.5_s2025Model:              iTransformer        

[1mData Loader[0m
  Data:               custom              Root Path:          C:\Users\Administrator\Desktop\TS\cen-ts-verifiable-event-causal-narratives\third_party\TaTS\data
  Data Path:          Environment.csv     Features:           S                   
  Target:             OT                  Freq:               d                   
  Checkpoints:        C:\Users\Administrator\Desktop\TS\cen-ts-verifiable-event-causal-narratives\results\v6\p2\runs\p2_raw_official_reproduction_pw0.5_s2025\checkpoints

[1mForecasting Task[0m
  Seq Len:            24                  Label Len:          12                  
  Pred Len:           48                  Seasonal Patterns:  Monthly             
  Inverse:            0                   

[1mModel Parameters[0m
  Top k:              5                   Num Kernels:        6                   
  Enc In:             13                  Dec In:             13                  
  C Out:              1                   d model:            512                 
  n heads:            8                   e layers:           2                   
  d layers:           1                   d FF:               2048                
  Moving Avg:         25                  Factor:             1                   
  Distil:             1                   Dropout:            0.1                 
  Embed:              timeF               Activation:         gelu                
  Output Attention:   0                   

[1mRun Parameters[0m
  Num Workers:        0                   Itr:                1                   
  Train Epochs:       5                   Batch Size:         32                  
  Patience:           5                   Learning Rate:      0.0001              
  Des:                test                Loss:               MSE                 
  Lradj:              type1               Use Amp:            0                   

[1mGPU[0m
  Use GPU:            1                   GPU:                0                   
  Use Multi GPU:      0                   Devices:            0,1,2,3             

[1mDe-stationary Projector Params[0m
  P Hidden Dims:      128, 128            P Hidden Layers:    2                   

Use GPU: cuda:0
Number of parameters in TS model: 6343216
Number of parameters in MLP: 74988
Total number of parameters: 6418204
Loading weights:   0%|          | 0/76 [00:00<?, ?it/s]Loading weights: 100%|¨€¨€¨€¨€¨€¨€¨€¨€¨€¨€| 76/76 [00:00<00:00, 10849.06it/s]
[transformers] [1mGPT2Model LOAD REPORT[0m from: D:\models\gpt2
Key                                       | Status     |  | 
------------------------------------------+------------+--+-
h.{6, 7, 8, 9, 10, 11}.attn.c_attn.weight | UNEXPECTED |  | 
h.{6, 7, 8, 9, 10, 11}.ln_2.weight        | UNEXPECTED |  | 
h.{6, 7, 8, 9, 10, 11}.mlp.c_proj.bias    | UNEXPECTED |  | 
h.{6, 7, 8, 9, 10, 11}.mlp.c_fc.weight    | UNEXPECTED |  | 
h.{6, 7, 8, 9, 10, 11}.mlp.c_fc.bias      | UNEXPECTED |  | 
h.{6, 7, 8, 9, 10, 11}.ln_1.bias          | UNEXPECTED |  | 
h.{6, 7, 8, 9, 10, 11}.attn.c_proj.bias   | UNEXPECTED |  | 
h.{6, 7, 8, 9, 10, 11}.ln_2.bias          | UNEXPECTED |  | 
h.{6, 7, 8, 9, 10, 11}.ln_1.weight        | UNEXPECTED |  | 
h.{6, 7, 8, 9, 10, 11}.attn.c_proj.weight | UNEXPECTED |  | 
h.{6, 7, 8, 9, 10, 11}.mlp.c_proj.weight  | UNEXPECTED |  | 

Notes:
- UNEXPECTED:	can be ignored when loading from different task/architecture; not ok if you expect identical arch.
>>>>>>>start training : long_term_forecast_p2_raw_official_reproduction_pw0.5_s2025_iTransformer_custom_ftS_sl24_ll12_pl48_dm512_nh8_el2_dl1_df2048_expand2_dc4_fc1_ebtimeF_dtTrue_test_0>>>>>>>>>>>>>>>>>>>>>>>>>>
train 10602
val 1479
test 3002
	iters: 100, epoch: 1 | loss: 0.6881618
	speed: 0.0114s/iter; left time: 17.8099s
	iters: 200, epoch: 1 | loss: 0.7080594
	speed: 0.0089s/iter; left time: 12.8986s
	iters: 300, epoch: 1 | loss: 0.5545720
	speed: 0.0090s/iter; left time: 12.2714s
Epoch: 1 cost time: 3.2194697856903076
Epoch: 1, Steps: 331 | Train Loss: 0.7109938 Vali Loss: 0.3127179 Test Loss (MSE): 0.2713896 Test MAE: 0.3706869
Validation loss decreased (inf --> 0.312718).  Saving model ...
	iters: 100, epoch: 2 | loss: 0.5391130
	speed: 0.0161s/iter; left time: 19.7460s
	iters: 200, epoch: 2 | loss: 0.5975953
	speed: 0.0079s/iter; left time: 8.8627s
	iters: 300, epoch: 2 | loss: 0.6795598
	speed: 0.0080s/iter; left time: 8.1852s
Epoch: 2 cost time: 2.7431399822235107
Epoch: 2, Steps: 331 | Train Loss: 0.7009331 Vali Loss: 0.3155992 Test Loss (MSE): 0.2696501 Test MAE: 0.3746452
EarlyStopping counter: 1 out of 5
	iters: 100, epoch: 3 | loss: 0.5480080
	speed: 0.0147s/iter; left time: 13.1694s
	iters: 200, epoch: 3 | loss: 0.6496620
	speed: 0.0080s/iter; left time: 6.3611s
	iters: 300, epoch: 3 | loss: 0.5403575
	speed: 0.0080s/iter; left time: 5.5867s
Epoch: 3 cost time: 2.6588547229766846
Epoch: 3, Steps: 331 | Train Loss: 0.6928100 Vali Loss: 0.3164206 Test Loss (MSE): 0.2688828 Test MAE: 0.3765648
EarlyStopping counter: 2 out of 5
	iters: 100, epoch: 4 | loss: 0.8227400
	speed: 0.0147s/iter; left time: 8.2570s
	iters: 200, epoch: 4 | loss: 0.7348228
	speed: 0.0079s/iter; left time: 3.6782s
	iters: 300, epoch: 4 | loss: 0.6791066
	speed: 0.0079s/iter; left time: 2.8611s
Epoch: 4 cost time: 2.6363933086395264
Epoch: 4, Steps: 331 | Train Loss: 0.6843780 Vali Loss: 0.3134673 Test Loss (MSE): 0.2668724 Test MAE: 0.3748830
EarlyStopping counter: 3 out of 5
	iters: 100, epoch: 5 | loss: 0.6441754
	speed: 0.0146s/iter; left time: 3.3832s
	iters: 200, epoch: 5 | loss: 0.8755374
	speed: 0.0079s/iter; left time: 1.0425s
	iters: 300, epoch: 5 | loss: 0.6604062
	speed: 0.0079s/iter; left time: 0.2535s
Epoch: 5 cost time: 2.629122257232666
Epoch: 5, Steps: 331 | Train Loss: 0.6785769 Vali Loss: 0.3083597 Test Loss (MSE): 0.2654481 Test MAE: 0.3698953
Validation loss decreased (0.312718 --> 0.308360).  Saving model ...
>>>>>>>testing : long_term_forecast_p2_raw_official_reproduction_pw0.5_s2025_iTransformer_custom_ftS_sl24_ll12_pl48_dm512_nh8_el2_dl1_df2048_expand2_dc4_fc1_ebtimeF_dtTrue_test_0<<<<<<<<<<<<<<<<<<<<<<<<<<<<<<<<<
test 3002
loading model
test shape: (93, 32, 48, 1) (93, 32, 48, 1)
test shape: (2976, 48, 1) (2976, 48, 1)
mse:0.26544812321662903, mae:0.36989524960517883
