2026-07-13 21:17:44,732 INFO nvidia-smi output follows:
Mon Jul 13 21:17:44 2026       
+-----------------------------------------------------------------------------------------+
| NVIDIA-SMI 581.29                 Driver Version: 581.29         CUDA Version: 13.0     |
+-----------------------------------------+------------------------+----------------------+
| GPU  Name                  Driver-Model | Bus-Id          Disp.A | Volatile Uncorr. ECC |
| Fan  Temp   Perf          Pwr:Usage/Cap |           Memory-Usage | GPU-Util  Compute M. |
|                                         |                        |               MIG M. |
|=========================================+========================+======================|
|   0  NVIDIA GeForce RTX 5060 Ti   WDDM  |   00000000:01:00.0  On |                  N/A |
| 31%   46C    P0             23W /  180W |     580MiB /  16311MiB |      9%      Default |
|                                         |                        |                  N/A |
+-----------------------------------------+------------------------+----------------------+

+-----------------------------------------------------------------------------------------+
| Processes:                                                                              |
|  GPU   GI   CI              PID   Type   Process name                        GPU Memory |
|        ID   ID                                                               Usage      |
|=========================================================================================|
|  No running processes found                                                             |
+-----------------------------------------------------------------------------------------+

2026-07-13 21:17:50,371 INFO CUDA verification passed.
