P1b exact official TaTS run
upstream_commit: a053503674c61c54d101d01d47c9d680288a7c9a
Use GPU: cuda:0
Number of parameters in TS model: 6343216
Number of parameters in MLP: 74988
Total number of parameters: 6418204
Loading weights:   0%|          | 0/76 [00:00<?, ?it/s]Loading weights: 100%|██████████| 76/76 [00:00<00:00, 10849.80it/s]
>>>>>>>start training official loop>>>>>>>>
train 10602
val 1479
test 3002
	iters: 100, epoch: 1 | loss: 0.6881618
	speed: 0.0113s/iter; left time: 17.5736s
	iters: 200, epoch: 1 | loss: 0.7080594
	speed: 0.0090s/iter; left time: 13.0701s
	iters: 300, epoch: 1 | loss: 0.5545720
	speed: 0.0088s/iter; left time: 11.8660s
Epoch: 1 cost time: 3.172607421875
Epoch: 1, Steps: 331 | Train Loss: 0.7109938 Vali Loss: 0.3127179 Test Loss (MSE): 0.2713896 Test MAE: 0.3706869
Validation loss decreased (inf --> 0.312718).  Saving model ...
	iters: 100, epoch: 2 | loss: 0.5391130
	speed: 0.0163s/iter; left time: 19.9971s
	iters: 200, epoch: 2 | loss: 0.5975953
	speed: 0.0090s/iter; left time: 10.0920s
	iters: 300, epoch: 2 | loss: 0.6795598
	speed: 0.0083s/iter; left time: 8.5010s
Epoch: 2 cost time: 2.893831253051758
Epoch: 2, Steps: 331 | Train Loss: 0.7009331 Vali Loss: 0.3155992 Test Loss (MSE): 0.2696501 Test MAE: 0.3746452
EarlyStopping counter: 1 out of 5
	iters: 100, epoch: 3 | loss: 0.5480080
	speed: 0.0147s/iter; left time: 13.1697s
	iters: 200, epoch: 3 | loss: 0.6496620
	speed: 0.0081s/iter; left time: 6.4399s
	iters: 300, epoch: 3 | loss: 0.5403575
	speed: 0.0079s/iter; left time: 5.4915s
Epoch: 3 cost time: 2.66184139251709
Epoch: 3, Steps: 331 | Train Loss: 0.6928100 Vali Loss: 0.3164206 Test Loss (MSE): 0.2688828 Test MAE: 0.3765648
EarlyStopping counter: 2 out of 5
	iters: 100, epoch: 4 | loss: 0.8227400
	speed: 0.0146s/iter; left time: 8.2362s
	iters: 200, epoch: 4 | loss: 0.7348228
	speed: 0.0080s/iter; left time: 3.6957s
	iters: 300, epoch: 4 | loss: 0.6791066
	speed: 0.0079s/iter; left time: 2.8645s
Epoch: 4 cost time: 2.6441147327423096
Epoch: 4, Steps: 331 | Train Loss: 0.6843780 Vali Loss: 0.3134673 Test Loss (MSE): 0.2668724 Test MAE: 0.3748830
EarlyStopping counter: 3 out of 5
	iters: 100, epoch: 5 | loss: 0.6441754
	speed: 0.0146s/iter; left time: 3.3987s
	iters: 200, epoch: 5 | loss: 0.8755374
	speed: 0.0078s/iter; left time: 1.0331s
	iters: 300, epoch: 5 | loss: 0.6604062
	speed: 0.0078s/iter; left time: 0.2500s
Epoch: 5 cost time: 2.614546775817871
Epoch: 5, Steps: 331 | Train Loss: 0.6785769 Vali Loss: 0.3083597 Test Loss (MSE): 0.2654481 Test MAE: 0.3698953
Validation loss decreased (0.312718 --> 0.308360).  Saving model ...
>>>>>>>testing official loop<<<<<<<<
test 3002
test shape: (93, 32, 48, 1) (93, 32, 48, 1)
test shape: (2976, 48, 1) (2976, 48, 1)
mse:0.26544812321662903, mae:0.36989524960517883
